[root@localhost ~]# ifconfig
eth0      Link encap:Ethernet  HWaddr 00:21:97:6D:7C:DF
          inet addr:10.99.1.45  Bcast:10.99.31.255  Mask:255.255.224.0
          inet6 addr: fe80::221:97ff:fe6d:7cdf/64 Scope:Link
          UP BROADCAST RUNNING MULTICAST  MTU:1500  Metric:1
          RX packets:1002497 errors:0 dropped:0 overruns:0 frame:0
          TX packets:547984 errors:0 dropped:0 overruns:0 carrier:0
          collisions:0 txqueuelen:1000
          RX bytes:734748449 (700.7 MiB)  TX bytes:49660358 (47.3 MiB)
          Interrupt:17

lo        Link encap:Local Loopback
          inet addr:127.0.0.1  Mask:255.0.0.0
          inet6 addr: ::1/128 Scope:Host
          UP LOOPBACK RUNNING  MTU:65536  Metric:1
          RX packets:4018 errors:0 dropped:0 overruns:0 frame:0
          TX packets:4018 errors:0 dropped:0 overruns:0 carrier:0
          collisions:0 txqueuelen:0
          RX bytes:240384 (234.7 KiB)  TX bytes:240384 (234.7 KiB)

virbr0    Link encap:Ethernet  HWaddr 52:54:00:D3:83:3D
          inet addr:192.168.122.1  Bcast:192.168.122.255  Mask:255.255.255.0
          UP BROADCAST RUNNING MULTICAST  MTU:1500  Metric:1
          RX packets:0 errors:0 dropped:0 overruns:0 frame:0
          TX packets:0 errors:0 dropped:0 overruns:0 carrier:0
          collisions:0 txqueuelen:0
          RX bytes:0 (0.0 b)  TX bytes:0 (0.0 b)
--------------------------------------------------------------------------------------------------------------------
[root@localhost ~]#
[root@localhost ~]# ssh-keygen -t rsa
Generating public/private rsa key pair.
Enter file in which to save the key (/root/.ssh/id_rsa):
/root/.ssh/id_rsa already exists.
Overwrite (y/n)? y
Enter passphrase (empty for no passphrase):
Enter same passphrase again:
Your identification has been saved in /root/.ssh/id_rsa.
Your public key has been saved in /root/.ssh/id_rsa.pub.
The key fingerprint is:
43:f2:6b:1d:1e:b6:b6:33:f7:45:e6:94:16:68:69:4c root@localhost.localdomain
The key's randomart image is:
+--[ RSA 2048]----+
|             E   |
|            o o  |
|      . .    * . |
|       +    o   o|
|        S +    o+|
|         * +  .= |
|        o =     o|
|       . .o..  . |
|          .+ ..  |
+-----------------+
-------------------------------------------------------------------------------------------------------------------------
[root@localhost ~]#  vim /root/.ssh/id_rsa   
-----BEGIN RSA PRIVATE KEY-----
MIIEogIBAAKCAQEA43zvBdWHHdooRGUHKInts4Yqde1AmFz0WbJi40eBcl/1du4g
HQx5s9P806tfL+CmLR7Ag1gqMDlHKGzmjUPT3IIWDbtUvkbQk7KXcz0VSEQaD7QY
aTYAI75hEMO2EOlrhZQEtsgb+2/j0YAnjQqHZVjnyR8FQoKDNoddxJruhL1y6oRj
bJo95BiqnqMT3T0g8/kxn4chftNC8gA6P/c7XgvhvKL40KY3xlkrRPvLp4pq1V7R
4Vr/JFQBSIDoCPA6fwATby5GZD3r0PSXQZ3PICWFUduEcibJ/kFAx/pOYe2C+ezG
rKY3LAZQ7r6L+6cvefbDg4md7qSJ61HqQXG2twIBIwKCAQBUftxv4ZiWDzOHHjXb
23WL0r9QX2/DkD2AZtRFyhojKvTFxikvXGe30mU4rV3elUUJcdJ57YwDSHmECzEP
5f479c2tVDVrPt/B1J6nJVEMNo1WSjTz4Nt6/ZHEZfMq2lsi/HbHjCemiKUTTNt9
h5FgKFYXgIzs0WPvrp8rxIR6cY0dnDMBy/ofENj3H2D+xiJ9PrgtCG+1jvqMp6hZ
/XeTR1RriOP2V59L/Ok3JpgxFzK675AWWmQtEFjjQLNQzeWebMBrFfPma18yLwWe
SkG9/wpGKgtMM/VTpT0qKu8nS68YROwSZFfdozmmOjSic2LUafm9/XZ/UdQWzI/M
KPT7AoGBAP4uTSVb/EelHAscQ+/o/+G1o1nTMremBNy/3V2fWBKuoT67WANnCRjR
TRrFzOOKsQIwY46N0IchuJyEHm4n5Nq61uxxeGRM8eOT+m5tOfY9oCEN1HSJJ+iP
bfhqlI3ouxX5HSArGcXNagPMlMhJg/HpoB2FZdxm5VR/J/Li3It5AoGBAOUduhcz
KgYSu5Jy40YynfYUhZkrs9qhOcOjwe/9HCHUIL+4ZEDmE60odtevn50ih0KGTubI
lxuJR/9M26rMauHejjSiU2UhF0MEovJRm+zPTOYkqY8IJDk+21Tr3nes8IHm2wOL
G9OTvXbYyCJLih/Km8qIeVsdRVzgAzklOpevAoGAHQybGjZl+Y82Z6t1eoEHTP7Q
1xDSmKVCYl8R/BI184GsBytahAvGhn5R9G5gjwiJQhQoopPdUUWuss1FTmr1lVcu
gWwNwlHvwjzMKeCY6PEZnWCqkPm7awkT4eBLfe62S6dxCv2ci6JyhBdhdfnF78Lt
ujshlYgaNYrf/oBTuCsCgYEAlo/gsCjvutkcLQmrS2MXWJEkl9rj53FDN2ucs6ZU
UL6ZLYfM2jDLGgSl3jGUxliExVDyBV8+ulLmK20FYZxGPKgxkE1qAKC3g8/Yyx+v
m54rOCa4kTE8YCH92LhBvFuz/Ze0fqvfFgIAKYckbk7lvR6+JgHpWSHdH8ZohKNv
pYECgYEAkvsAeo0tqgGUXhRPStVjxdunh3KuANcd8vonYOVeGwIfLJxpqUhgdWVk
3mAXQPhHpJY/D0Rmt3XeNVJzhu75+s/YDXrwkE+wOWe8L9hQqW555EQmK5U6Ruun
jhFXJPDxHuX8ZbHsTGk5SIh0IGsJ2qkp4GjvrLKEF2VqMrdyLsk=
-----END RSA PRIVATE KEY-----
-------------------------------------------------------------------------------------------------------------------------
[root@localhost ~]# ssh-copy-id -i ~/.ssh/id_rsa.pub 10.99.1.27
root@10.99.1.27's password:
Now try logging into the machine, with "ssh '10.99.1.27'", and check in:

  .ssh/authorized_keys

to make sure we haven't added extra keys that you weren't expecting.
-------------------------------------------------------------------------------------------------------------------------
[root@localhost ~]# ssh 10.99.1.27
Last login: Thu Dec 10 14:55:50 2015 from 10.99.1.45
[root@www ~]# ifconfig
eth0      Link encap:Ethernet  HWaddr 00:1C:25:DC:5F:87
          inet addr:10.99.1.27  Bcast:10.99.31.255  Mask:255.255.224.0
          inet6 addr: fe80::21c:25ff:fedc:5f87/64 Scope:Link
          UP BROADCAST RUNNING MULTICAST  MTU:1500  Metric:1
          RX packets:681615 errors:0 dropped:0 overruns:0 frame:0
          TX packets:577187 errors:0 dropped:0 overruns:0 carrier:0
          collisions:0 txqueuelen:1000
          RX bytes:160509318 (153.0 MiB)  TX bytes:625127794 (596.1 MiB)
          Interrupt:17

lo        Link encap:Local Loopback
          inet addr:127.0.0.1  Mask:255.0.0.0
          inet6 addr: ::1/128 Scope:Host
          UP LOOPBACK RUNNING  MTU:65536  Metric:1
          RX packets:714 errors:0 dropped:0 overruns:0 frame:0
          TX packets:714 errors:0 dropped:0 overruns:0 carrier:0
          collisions:0 txqueuelen:0
          RX bytes:39564 (38.6 KiB)  TX bytes:39564 (38.6 KiB)

[root@www ~]#
-------------------------------------------------------------------------------------------------------------------------

						or
from server-1						
ssh-keygen -t rsa
ssh-copy-id user1@server2
ssh-copy-id user1@server3
ssh-copy-id user1@server4

from server-2
ssh-keygen -t rsa
ssh-copy-id user1@server1
ssh-copy-id user1@server3
ssh-copy-id user1@server4

from server3
ssh-keygen -t rsa
ssh-copy-id user1@server1
ssh-copy-id user1@server2
ssh-copy-id user1@server4

from server-4
ssh-keygen -t rsa
ssh-copy-id user1@server1
ssh-copy-id user1@server2
ssh-copy-id user1@server3
























