https://linuxconfig.org/enable-subscription-management-repositories-on-redhat-8-linux

https://www.redhat.com/wapps/ugc/register.html?_flowId=register-flow&_flowExecutionKey=e2s1
https://www.redhat.com/wapps/ugc/protected/usermgt/createNewUser.html

playapponline
info@PLAYAPPONLINE.COM

B8zvRcmeaLyq94r

Red Hat Account Number:7025943

subscription-manager register --username <username> --password <password>

subscription-manager register --username playapponline --password B8zvRcmeaLyq94r                          
subscription-manager register --username gamesdev.ind --password q8SjmV9h2akxJ
subscription-manager register --username gamesmobi1979@gmail.com --password Z5eSYy65GCLXt8
subscription-manager register --username kondapalli.venkatesh1@gmail.com --password Kondapalli@123
subscription-manager register --username pradeep.d --password tesync@1234
subscription-manager register --username sandeep.mv --password tesync@1234
subscription-manager register --username devara.pradeep@gmail.com   --password DevaraTesync@1234
kv4203@gmail.com Kondapalli@123

subscription-manager role --set="Red Hat Enterprise Linux Server"
subscription-manager service-level --set="Self-Support"
subscription-manager usage --set="Development/Test"
subscription-manager attach


[root@localhost ~]# subscription-manager register --username playapponline --password B8zvRcmeaLyq94r
Registering to: subscription.rhsm.redhat.com:443/subscription
The system has been registered with ID: 6b3dcad1-da29-4a98-bd42-2d07b789a1c5
The registered system name is: localhost.localdomain

[root@localhost ~]# yum update
Updating Subscription Management repositories.

This system is registered to Red Hat Subscription Management, but is not receiving updates. You can use subscription-manager to assign subscriptions.

Error: There are no enabled repositories in "/etc/yum.repos.d", "/etc/yum/repos.d", "/etc/distro.repos.d".

[root@localhost ~]# subscription-manager role --set="Red Hat Enterprise Linux Server"
Warning: Provided value "Red Hat Enterprise Linux Server" is not included in the list of valid values
role set to "Red Hat Enterprise Linux Server".

[root@localhost ~]# subscription-manager service-level --set="Self-Support"
service_level_agreement set to "Self-Support".

[root@localhost ~]# subscription-manager usage --set="Development/Test"
Warning: the list of valid values for attribute "usage" is empty.
usage set to "Development/Test".


[root@localhost ~]# subscription-manager attach
Installed Product Current Status:
Product Name: Red Hat Enterprise Linux for x86_64
Status:       Subscribed

[root@localhost ~]#
------------------------------------------
Repositories disabled by configuration. please find the following solution
https://access.redhat.com/solutions/265523
Enabling the Subscription-Manager Repository
1) subscription-manager config --rhsm.manage_repos=1
2)subscription-manager repos --enable=codeready-builder-for-rhel-8-x86_64-rpms
3)subscription-manager repos --enable=rhel-8-for-x86_64-baseos-rpms
4)subscription-manager repos --enable=rhel-8-for-x86_64-appstream-rpms


